// Jest Snapshot v1, https://goo.gl/fbAQLP

exports[`VendorCard should match the snapshot 1`] = `
<article
  className="vendor-card"
  onClick={[Function]}
>
  <h2
    className="vendor-name"
  >
    Friendly Farms
  </h2>
  <h2
    className="vendor-description"
  >
    A very friendly farm
  </h2>
  <img
    className="vendor-img"
    src="friendlyfarm.png"
  />
</article>
`;
